// Jest Snapshot v1, https://goo.gl/fbAQLP

exports[`<Icon /> should match snapshot 1`] = `
.c0 {
  display: block;
}

<div>
  <i
    class="c0 r95 bat_16x16_4bit"
  />
</div>
`;
