// Jest Snapshot v1, https://goo.gl/fbAQLP

exports[`<Input /> Snapshots should match snapshot 1`] = `
.c0 {
  outline: none;
  border: none;
  padding-top: 16px;
  padding-right: 16px;
  padding-bottom: 64px;
  padding-left: 16px;
  border-bottom: 0;
  border-right: 0;
  border-top-width: 1px;
  border-top-style: 1px;
  border-top-color: grays.3;
  border-left-width: 1px;
  border-left-style: 1px;
  border-left-color: grays.3;
  box-shadow: input;
}

<div>
  <input
    class="c0"
  />
</div>
`;
