// Jest Snapshot v1, https://goo.gl/fbAQLP

exports[`<Button /> Snapshots should match snapshot 1`] = `
.c0 {
  background-color: #c3c7cb;
  padding: 4px 20px 4px;
  border: none;
  font-size: 12px;
  box-shadow: inset 1px 1px 0px 1px #ffffff,inset 0 0 0 1px #868a8e,1px 1px 0 1px #000;
}

.c0:disabled {
  color: #868a8e;
}

.c0:focus {
  outline: none;
  box-shadow: inset 1px 1px 0px 1px #ffffff,inset -1px -1px 0px 1px #868a8e,1px 1px 0 2px #000;
}

.c0:active {
  padding: 5px 20px 4px;
  outline: 1px dotted #000;
  outline-offset: -5px;
  outline-width: 2px;
  box-shadow: inset 0 0 0 1px #868a8e,0 0 0 1px #000;
}

<button
  className="c0"
  onClick={[Function]}
  value="Ok"
>
  Ok
</button>
`;
